CREATE OR REPLACE FUNCTION remove_stop_words(text) RETURNS text
    AS 'pg_strmatch.so', 'remove_stop_words'
    LANGUAGE C STRICT;
SELECT remove_stop_words(NULL) IS NULL;
 ?column? 
----------
 t
(1 row)

SELECT remove_stop_words('') = '';
 ?column? 
----------
 t
(1 row)

SELECT remove_stop_words('  ') = '';
 ?column? 
----------
 t
(1 row)

SELECT remove_stop_words('the') = '';
 ?column? 
----------
 t
(1 row)

SELECT remove_stop_words('test of the test') = 'test test';
 ?column? 
----------
 t
(1 row)

SELECT remove_stop_words('test') = 'test';
 ?column? 
----------
 t
(1 row)

